ts,close,ema_12,ema_26,macd,signal,histogram
2024-01-01T00:00:00Z,100.00,100.000000,100.000000,0.000000,0.000000,0.000000
2024-01-01T00:01:00Z,101.00,100.153846,100.074074,0.079772,0.015954,0.063818
2024-01-01T00:02:00Z,102.00,100.437870,100.216735,0.221135,0.056990,0.164144
2024-01-01T00:03:00Z,101.50,100.601274,100.311792,0.289483,0.103489,0.185994
2024-01-01T00:04:00Z,102.20,100.847232,100.451659,0.395573,0.161906,0.233667
